AREA .  .ABS.
	RADIX HEX
	BASE 0000
	SIZE 0000
	ATTRIB ABS OVR
	GLOBALS
		l__HEAP	0000
		l__BSEG	0000
		l_.  .ABS.	0000
		l__GSFINAL	0000
		l__ISEG	0000
		s_.  .ABS.	0000
		s__HEADER	0000
		l__XSEG	0000
		.init	0000
		l__OVERLAY	0000
		l__LIT	0000
		l__GSINITTAIL	0001
		l__BSS	005C
		l__GSINIT	00FC
		l__DATA	013D
		l__BASE	0168
		l__HOME	01D3
		l__HEADER	01E1
		s__CODE	0200
		l__CODE	1518
		s__HOME	1718
		s__BASE	18EB
		s__LIT	1A53
		s__GSINIT	1A53
		s__GSINITTAIL	1B4F
		s__GSFINAL	1B50
		.OAM	C000
		s__DATA	C0A0
		s__BSS	C1DD
		s__HEAP	C239
		s__BSEG	C239
		s__ISEG	C239
		s__XSEG	C239
		s__OVERLAY	C239
		.STACK	E000
		.refresh_OAM	FF80
AREA _CODE
	RADIX HEX
	BASE 0200
	SIZE 1518
	ATTRIB REL CON
	GLOBALS
		_performantdelay	0200
		_rand	0214
		_makeASound	0244
		_makeBSound	027D
		_makeCSound	02B0
		_fillDrumA	02E3
		_fillDrumB	04B2
		_fillDrumC	0681
		_setupDrum	0850
		_increaseOffStep	0889
		_decreaseOffStep	0945
		_increaseSteps	09DC
		_decreaseSteps	0AC5
		_increasePulses	0BAE
		_decreasePulses	0CB3
		_increaseSwing	0DB8
		_decreaseSwing	0E48
		_tick	0EDD
		_sync	1011
		_master	104E
		_player	1063
		_tim	107A
		_main	107E
		__mulschar_rrx_s	15CE
		__mulschar_rrx_hds	15D5
		__muluchar_rrx_s	15E1
		__mulsint_rrx_s	15EE
		__muluint_rrx_s	15EE
		__mulsint_rrx_hds	15FA
		__muluint_rrx_hds	15FA
		__muluchar_rrx_hds	15FA
		__divschar_rrx_s	1616
		__divschar_rrx_hds	161D
		__modschar_rrx_s	1624
		__modschar_rrx_hds	162B
		__divsint_rrx_s	1630
		__divsint_rrx_hds	163C
		__modsint_rrx_s	1644
		__modsint_rrx_hds	1650
		__divuchar_rrx_s	1656
		__divuchar_rrx_hds	165D
		__moduchar_rrx_s	1664
		__moduchar_rrx_hds	166B
		__divuint_rrx_s	1670
		__divuint_rrx_hds	167C
		__moduint_rrx_s	1684
		__moduint_rrx_hds	1690
		.mod8	1696
		.div8	1696
		.mod16	169E
		.div16	169E
		.modu8	16D8
		.divu8	16D8
		.modu16	16DB
		.divu16	16DB
AREA _HEADER
	RADIX HEX
	BASE 0000
	SIZE 01E1
	ATTRIB ABS OVR
	GLOBALS
		_exit	01D2
AREA _HOME
	RADIX HEX
	BASE 1718
	SIZE 01D3
	ATTRIB REL CON
	GLOBALS
		.set_mode	1718
		.remove_VBL	1728
		.remove_LCD	172E
		.remove_TIM	1734
		.remove_SIO	173A
		.remove_JOY	1740
		.add_VBL	1746
		.add_LCD	174C
		.add_TIM	1752
		.add_SIO	1758
		.add_JOY	175E
		.remove_int	1764
		.add_int	1784
		.wait_vbl_done	17A0
		_wait_vbl_done	17A0
		_display_off	17B7
		.display_off	17B7
		.serial_IO	17D8
		_mode	1807
		_get_mode	1810
		_enable_interrupts	1815
		_disable_interrupts	1817
		_reset	1819
		.reset	1819
		_set_interrupts	181F
		_remove_VBL	182A
		_remove_LCD	1835
		_remove_TIM	1840
		_remove_SIO	184B
		_remove_JOY	1856
		_add_VBL	1861
		_add_LCD	186C
		_add_TIM	1877
		_add_SIO	1882
		_add_JOY	188D
		_clock	1898
		__printTStates	18A1
		banked_call	18A2
		banked_ret	18BB
		__initrleblock	18C4
AREA _BASE
	RADIX HEX
	BASE 18EB
	SIZE 0168
	ATTRIB REL CON
	GLOBALS
		.mv_sprite	18EB
		_move_sprite	18FA
		_set_win_data	1907
		_set_bkg_data	1907
		_set_sprite_data	1954
		.padup	1983
		_waitpadup	1983
		.jpad	1993
		.wait_pad	19C0
		_joypad	19C7
		_waitpad	19CC
		.set_sprite_tile	19D6
		_set_sprite_tile	19E3
		.delay	19EE
		_delay	1A28
		.copy_vram	1A31
		_get_data	1A40
		_set_data	1A40
AREA _LIT
	RADIX HEX
	BASE 1A53
	SIZE 0000
	ATTRIB REL CON
AREA _GSINIT
	RADIX HEX
	BASE 1A53
	SIZE 00FC
	ATTRIB REL CON
	GLOBALS
		gsinit	1A53
AREA _GSINITTAIL
	RADIX HEX
	BASE 1B4F
	SIZE 0001
	ATTRIB REL CON
AREA _GSFINAL
	RADIX HEX
	BASE 1B50
	SIZE 0000
	ATTRIB REL CON
AREA _DATA
	RADIX HEX
	BASE C0A0
	SIZE 013D
	ATTRIB REL CON
	GLOBALS
		_squareA	C0A0
		_squareB	C0B0
		_squareC	C0C0
		_midiC	C0D0
		_offsetC	C0E0
		_swingC	C0F0
		_saveC	C100
		_drumA	C110
		_drumB	C130
		_drumC	C150
		_dXlut	C170
		_dYlut	C190
		_bucket	C1B0
		_i	C1B1
		_y	C1B2
		_randA	C1B3
		_randB	C1B4
		_randC	C1B5
		_first	C1B6
		_last	C1B7
		_f	C1B8
		_x	C1B9
		_xA	C1BA
		_xB	C1BB
		_xC	C1BC
		_delayA	C1BD
		_delayB	C1BE
		_delayC	C1BF
		_g	C1C0
		_syncToDrum	C1C1
		_clockToSync	C1C2
		_numberOfPulsesA	C1C3
		_totalStepsA	C1C4
		_clkA	C1C5
		_numberOfPulsesB	C1C6
		_totalStepsB	C1C7
		_clkB	C1C8
		_numberOfPulsesC	C1C9
		_totalStepsC	C1CA
		_clkC	C1CB
		_offStepA	C1CC
		_offStepB	C1CD
		_offStepC	C1CE
		_cDelay	C1CF
		_cOffStep	C1D0
		_samp_freq	C1D2
		_tempo	C1D3
		_watch	C1D4
		_bob	C1D5
		_todd	C1D6
		_pop	C1D7
		_modus	C1D8
		_padext	C1D9
		_joy	C1DA
		_pad	C1DB
		_seldrum	C1DC
AREA _BSS
	RADIX HEX
	BASE C1DD
	SIZE 005C
	ATTRIB REL CON
	GLOBALS
		__cpu	C1DD
		.mode	C1DE
		__io_out	C1DF
		__io_in	C1E0
		__io_status	C1E1
		.vbl_done	C1E2
		__current_bank	C1E3
		_sys_time	C1E4
		.sys_time	C1E4
		.int_0x40	C1E6
		.int_0x48	C1F6
		.int_0x50	C206
		.int_0x58	C216
		.int_0x60	C226
AREA _HEAP
	RADIX HEX
	BASE C239
	SIZE 0000
	ATTRIB REL CON
	GLOBALS
		_malloc_heap_start	C239
AREA _OVERLAY
	RADIX HEX
	BASE C239
	SIZE 0000
	ATTRIB REL CON
AREA _ISEG
	RADIX HEX
	BASE C239
	SIZE 0000
	ATTRIB REL CON
AREA _BSEG
	RADIX HEX
	BASE C239
	SIZE 0000
	ATTRIB REL CON
AREA _XSEG
	RADIX HEX
	BASE C239
	SIZE 0000
	ATTRIB REL CON
MODULES
	FILE /opt/gbdk/lib/small/asxxxx/gb/crt0.o
		NAME Runtime
	FILE square.o
		NAME lcc619280
LIBRARIES
	LIBRARY /opt/gbdk/lib/small/asxxxx/gbz80/gbz80.lib
		MODULE crt0_rle.o
	LIBRARY /opt/gbdk/lib/small/asxxxx/gb/gb.lib
		MODULE mv_spr.o
	LIBRARY /opt/gbdk/lib/small/asxxxx/gbz80/gbz80.lib
		MODULE mul.o
	LIBRARY /opt/gbdk/lib/small/asxxxx/gb/gb.lib
		MODULE set_data.o
	LIBRARY /opt/gbdk/lib/small/asxxxx/gbz80/gbz80.lib
		MODULE div.o
	LIBRARY /opt/gbdk/lib/small/asxxxx/gb/gb.lib
		MODULE pad.o
	LIBRARY /opt/gbdk/lib/small/asxxxx/gb/gb.lib
		MODULE set_spr.o
	LIBRARY /opt/gbdk/lib/small/asxxxx/gb/gb.lib
		MODULE delay.o
	LIBRARY /opt/gbdk/lib/small/asxxxx/gb/gb.lib
		MODULE cpy_data.o
USERBASEDEF
	_CODE=0x0200
	_DATA=0xC0A0
	_CODE_1=0x4000
USERGLOBALDEF
	.OAM=0xC000
	.STACK=0xE000
	.refresh_OAM=0xFF80
	.init=0x0000
