AREA .  .ABS.
	RADIX HEX
	BASE 0000
	SIZE 0000
	ATTRIB ABS OVR
	GLOBALS
		l__HEAP	0000
		l__BSEG	0000
		l_.  .ABS.	0000
		l__GSFINAL	0000
		l__ISEG	0000
		s_.  .ABS.	0000
		s__HEADER	0000
		l__XSEG	0000
		.init	0000
		l__OVERLAY	0000
		l__LIT	0000
		l__GSINITTAIL	0001
		l__BSS	005C
		l__GSINIT	0158
		l__BASE	0168
		l__DATA	018A
		l__HOME	01D3
		l__HEADER	01E1
		s__CODE	0200
		l__CODE	1A7B
		s__HOME	1C7B
		s__BASE	1E4E
		s__LIT	1FB6
		s__GSINIT	1FB6
		s__GSINITTAIL	210E
		s__GSFINAL	210F
		.OAM	C000
		s__DATA	C0A0
		s__BSS	C22A
		s__HEAP	C286
		s__BSEG	C286
		s__ISEG	C286
		s__XSEG	C286
		s__OVERLAY	C286
		.STACK	E000
		.refresh_OAM	FF80
AREA _CODE
	RADIX HEX
	BASE 0200
	SIZE 1A7B
	ATTRIB REL CON
	GLOBALS
		_performantdelay	0200
		_rand	0214
		_makeASound	0244
		_makeBSound	027D
		_makeCSound	02B0
		_fillDrumA	02E3
		_fillDrumB	04B2
		_fillDrumC	0681
		_setupDrum	0850
		_increaseOffStep	0889
		_decreaseOffStep	0945
		_increaseSteps	09DC
		_decreaseSteps	0AC5
		_increasePulses	0BAE
		_decreasePulses	0CB3
		_increaseSwing	0DB8
		_decreaseSwing	0E48
		_tick	0EDD
		_sync	1011
		_master	104E
		_player	1063
		_tim	107A
		_loadPattern	107E
		_savePattern	127E
		_main	14F3
		__mulschar_rrx_s	1B31
		__mulschar_rrx_hds	1B38
		__muluchar_rrx_s	1B44
		__mulsint_rrx_s	1B51
		__muluint_rrx_s	1B51
		__mulsint_rrx_hds	1B5D
		__muluint_rrx_hds	1B5D
		__muluchar_rrx_hds	1B5D
		__divschar_rrx_s	1B79
		__divschar_rrx_hds	1B80
		__modschar_rrx_s	1B87
		__modschar_rrx_hds	1B8E
		__divsint_rrx_s	1B93
		__divsint_rrx_hds	1B9F
		__modsint_rrx_s	1BA7
		__modsint_rrx_hds	1BB3
		__divuchar_rrx_s	1BB9
		__divuchar_rrx_hds	1BC0
		__moduchar_rrx_s	1BC7
		__moduchar_rrx_hds	1BCE
		__divuint_rrx_s	1BD3
		__divuint_rrx_hds	1BDF
		__moduint_rrx_s	1BE7
		__moduint_rrx_hds	1BF3
		.mod8	1BF9
		.div8	1BF9
		.mod16	1C01
		.div16	1C01
		.modu8	1C3B
		.divu8	1C3B
		.modu16	1C3E
		.divu16	1C3E
AREA _HEADER
	RADIX HEX
	BASE 0000
	SIZE 01E1
	ATTRIB ABS OVR
	GLOBALS
		_exit	01D2
AREA _HOME
	RADIX HEX
	BASE 1C7B
	SIZE 01D3
	ATTRIB REL CON
	GLOBALS
		.set_mode	1C7B
		.remove_VBL	1C8B
		.remove_LCD	1C91
		.remove_TIM	1C97
		.remove_SIO	1C9D
		.remove_JOY	1CA3
		.add_VBL	1CA9
		.add_LCD	1CAF
		.add_TIM	1CB5
		.add_SIO	1CBB
		.add_JOY	1CC1
		.remove_int	1CC7
		.add_int	1CE7
		.wait_vbl_done	1D03
		_wait_vbl_done	1D03
		_display_off	1D1A
		.display_off	1D1A
		.serial_IO	1D3B
		_mode	1D6A
		_get_mode	1D73
		_enable_interrupts	1D78
		_disable_interrupts	1D7A
		_reset	1D7C
		.reset	1D7C
		_set_interrupts	1D82
		_remove_VBL	1D8D
		_remove_LCD	1D98
		_remove_TIM	1DA3
		_remove_SIO	1DAE
		_remove_JOY	1DB9
		_add_VBL	1DC4
		_add_LCD	1DCF
		_add_TIM	1DDA
		_add_SIO	1DE5
		_add_JOY	1DF0
		_clock	1DFB
		__printTStates	1E04
		banked_call	1E05
		banked_ret	1E1E
		__initrleblock	1E27
AREA _BASE
	RADIX HEX
	BASE 1E4E
	SIZE 0168
	ATTRIB REL CON
	GLOBALS
		.mv_sprite	1E4E
		_move_sprite	1E5D
		_set_win_data	1E6A
		_set_bkg_data	1E6A
		_set_sprite_data	1EB7
		.padup	1EE6
		_waitpadup	1EE6
		.jpad	1EF6
		.wait_pad	1F23
		_joypad	1F2A
		_waitpad	1F2F
		.set_sprite_tile	1F39
		_set_sprite_tile	1F46
		.delay	1F51
		_delay	1F8B
		.copy_vram	1F94
		_get_data	1FA3
		_set_data	1FA3
AREA _LIT
	RADIX HEX
	BASE 1FB6
	SIZE 0000
	ATTRIB REL CON
AREA _GSINIT
	RADIX HEX
	BASE 1FB6
	SIZE 0158
	ATTRIB REL CON
	GLOBALS
		gsinit	1FB6
AREA _GSINITTAIL
	RADIX HEX
	BASE 210E
	SIZE 0001
	ATTRIB REL CON
AREA _GSFINAL
	RADIX HEX
	BASE 210F
	SIZE 0000
	ATTRIB REL CON
AREA _DATA
	RADIX HEX
	BASE C0A0
	SIZE 018A
	ATTRIB REL CON
	GLOBALS
		_squareA	C0A0
		_squareB	C0B0
		_squareC	C0C0
		_midiC	C0D0
		_offsetC	C0E0
		_swingC	C0F0
		_saveC	C100
		_drumA	C110
		_drumB	C130
		_drumC	C150
		_patternA	C170
		_patternB	C182
		_patternC	C194
		_patternD	C1A6
		_dXlut	C1B8
		_dYlut	C1D8
		_savelut	C1F8
		_bucket	C1FC
		_i	C1FD
		_y	C1FE
		_randA	C1FF
		_randB	C200
		_randC	C201
		_first	C202
		_last	C203
		_f	C204
		_x	C205
		_xA	C206
		_xB	C207
		_xC	C208
		_delayA	C209
		_delayB	C20A
		_delayC	C20B
		_g	C20C
		_syncToDrum	C20D
		_clockToSync	C20E
		_numberOfPulsesA	C20F
		_totalStepsA	C210
		_clkA	C211
		_numberOfPulsesB	C212
		_totalStepsB	C213
		_clkB	C214
		_numberOfPulsesC	C215
		_totalStepsC	C216
		_clkC	C217
		_offStepA	C218
		_offStepB	C219
		_offStepC	C21A
		_cDelay	C21B
		_cOffStep	C21C
		_currentSaveSlot	C21D
		_samp_freq	C21F
		_tempo	C220
		_watch	C221
		_bob	C222
		_todd	C223
		_pop	C224
		_modus	C225
		_padext	C226
		_joy	C227
		_pad	C228
		_seldrum	C229
AREA _BSS
	RADIX HEX
	BASE C22A
	SIZE 005C
	ATTRIB REL CON
	GLOBALS
		__cpu	C22A
		.mode	C22B
		__io_out	C22C
		__io_in	C22D
		__io_status	C22E
		.vbl_done	C22F
		__current_bank	C230
		_sys_time	C231
		.sys_time	C231
		.int_0x40	C233
		.int_0x48	C243
		.int_0x50	C253
		.int_0x58	C263
		.int_0x60	C273
AREA _HEAP
	RADIX HEX
	BASE C286
	SIZE 0000
	ATTRIB REL CON
	GLOBALS
		_malloc_heap_start	C286
AREA _OVERLAY
	RADIX HEX
	BASE C286
	SIZE 0000
	ATTRIB REL CON
AREA _ISEG
	RADIX HEX
	BASE C286
	SIZE 0000
	ATTRIB REL CON
AREA _BSEG
	RADIX HEX
	BASE C286
	SIZE 0000
	ATTRIB REL CON
AREA _XSEG
	RADIX HEX
	BASE C286
	SIZE 0000
	ATTRIB REL CON
MODULES
	FILE /opt/gbdk/lib/small/asxxxx/gb/crt0.o
		NAME Runtime
	FILE square.o
		NAME lcc679540
LIBRARIES
	LIBRARY /opt/gbdk/lib/small/asxxxx/gbz80/gbz80.lib
		MODULE crt0_rle.o
	LIBRARY /opt/gbdk/lib/small/asxxxx/gb/gb.lib
		MODULE mv_spr.o
	LIBRARY /opt/gbdk/lib/small/asxxxx/gbz80/gbz80.lib
		MODULE mul.o
	LIBRARY /opt/gbdk/lib/small/asxxxx/gb/gb.lib
		MODULE set_data.o
	LIBRARY /opt/gbdk/lib/small/asxxxx/gbz80/gbz80.lib
		MODULE div.o
	LIBRARY /opt/gbdk/lib/small/asxxxx/gb/gb.lib
		MODULE pad.o
	LIBRARY /opt/gbdk/lib/small/asxxxx/gb/gb.lib
		MODULE set_spr.o
	LIBRARY /opt/gbdk/lib/small/asxxxx/gb/gb.lib
		MODULE delay.o
	LIBRARY /opt/gbdk/lib/small/asxxxx/gb/gb.lib
		MODULE cpy_data.o
USERBASEDEF
	_CODE=0x0200
	_DATA=0xC0A0
	_CODE_1=0x4000
USERGLOBALDEF
	.OAM=0xC000
	.STACK=0xE000
	.refresh_OAM=0xFF80
	.init=0x0000
